components/Certifications.tsx(100,15): error TS2304: Cannot find name 'Palette'.
